// Jest Snapshot v1, https://goo.gl/fbAQLP

exports[`EventItem it should render 1`] = `
<li
  className="media mt-4"
>
  <img
    alt="event"
    className="mr-3 d-none d-sm-block"
    src="https://dl.airtable.com/.attachments/876151ddacba830c5eab7acb2daffafb/ee66c7e9/hatch.png"
  />
  <div
    className="media-body align-self-center"
  >
    <div
      className="row"
    >
      <div
        className="col-md-8"
      >
        <h4
          className="mt-0 mb-1"
        >
          Name
        </h4>
        <p
          className="text-muted small mb-2"
        >
          Thu Jan 31 2019
           
          12:00 PM
           
          - 
          12:00 PM
        </p>
      </div>
      <div
        className="col-md-4"
      >
        <div
          className="react-add-to-calendar"
        >
          <div
            className="dropdown mb-3"
          >
            <a
              className="btn btn-primary dropdown-toggle"
              onClick={[Function]}
            >
              <span>
                <i
                  className="react-add-to-calendar__icon--left fa fa-calendar-plus-o"
                />
                  &gt; My Calendar
              </span>
            </a>
          </div>
        </div>
      </div>
    </div>
    <p
      className=""
    >
      Description
    </p>
    <address
      className="small text-muted"
    >
      Address One
      , 
      Address Two
      <br />
      City
      , 
      State
       
      99999
    </address>
  </div>
</li>
`;
